------------------------------------------------------------
Timing Analyzer Summary
------------------------------------------------------------

Type  : Slow 1100mV 85C Model Setup 'CLOCK_50'
Slack : -30.448
TNS   : -354.021

Type  : Slow 1100mV 85C Model Setup 'avconf:AVC1|mI2C_CTRL_CLK'
Slack : -2.288
TNS   : -131.814

Type  : Slow 1100mV 85C Model Setup 'BPM_counter:B1|Step'
Slack : -1.816
TNS   : -34.094

Type  : Slow 1100mV 85C Model Hold 'CLOCK_50'
Slack : 0.219
TNS   : 0.000

Type  : Slow 1100mV 85C Model Hold 'BPM_counter:B1|Step'
Slack : 0.276
TNS   : 0.000

Type  : Slow 1100mV 85C Model Hold 'avconf:AVC1|mI2C_CTRL_CLK'
Slack : 0.406
TNS   : 0.000

Type  : Slow 1100mV 85C Model Minimum Pulse Width 'avconf:AVC1|mI2C_CTRL_CLK'
Slack : -0.394
TNS   : -37.529

Type  : Slow 1100mV 85C Model Minimum Pulse Width 'BPM_counter:B1|Step'
Slack : -0.394
TNS   : -9.887

Type  : Slow 1100mV 85C Model Minimum Pulse Width 'AC1|Audio_Clock|altpll_component|auto_generated|generic_pll1~FRACTIONAL_PLL|vcoph[0]'
Slack : 1.666
TNS   : 0.000

Type  : Slow 1100mV 85C Model Minimum Pulse Width 'CLOCK_50'
Slack : 8.869
TNS   : 0.000

Type  : Slow 1100mV 0C Model Setup 'CLOCK_50'
Slack : -33.088
TNS   : -379.031

Type  : Slow 1100mV 0C Model Setup 'avconf:AVC1|mI2C_CTRL_CLK'
Slack : -2.313
TNS   : -125.799

Type  : Slow 1100mV 0C Model Setup 'BPM_counter:B1|Step'
Slack : -1.880
TNS   : -33.717

Type  : Slow 1100mV 0C Model Hold 'CLOCK_50'
Slack : -0.140
TNS   : -0.888

Type  : Slow 1100mV 0C Model Hold 'BPM_counter:B1|Step'
Slack : 0.277
TNS   : 0.000

Type  : Slow 1100mV 0C Model Hold 'avconf:AVC1|mI2C_CTRL_CLK'
Slack : 0.409
TNS   : 0.000

Type  : Slow 1100mV 0C Model Minimum Pulse Width 'avconf:AVC1|mI2C_CTRL_CLK'
Slack : -0.394
TNS   : -36.731

Type  : Slow 1100mV 0C Model Minimum Pulse Width 'BPM_counter:B1|Step'
Slack : -0.394
TNS   : -9.928

Type  : Slow 1100mV 0C Model Minimum Pulse Width 'AC1|Audio_Clock|altpll_component|auto_generated|generic_pll1~FRACTIONAL_PLL|vcoph[0]'
Slack : 1.666
TNS   : 0.000

Type  : Slow 1100mV 0C Model Minimum Pulse Width 'CLOCK_50'
Slack : 8.821
TNS   : 0.000

Type  : Fast 1100mV 85C Model Setup 'CLOCK_50'
Slack : -4.869
TNS   : -53.093

Type  : Fast 1100mV 85C Model Setup 'avconf:AVC1|mI2C_CTRL_CLK'
Slack : -1.068
TNS   : -57.362

Type  : Fast 1100mV 85C Model Setup 'BPM_counter:B1|Step'
Slack : -0.698
TNS   : -12.371

Type  : Fast 1100mV 85C Model Hold 'BPM_counter:B1|Step'
Slack : 0.094
TNS   : 0.000

Type  : Fast 1100mV 85C Model Hold 'CLOCK_50'
Slack : 0.135
TNS   : 0.000

Type  : Fast 1100mV 85C Model Hold 'avconf:AVC1|mI2C_CTRL_CLK'
Slack : 0.152
TNS   : 0.000

Type  : Fast 1100mV 85C Model Minimum Pulse Width 'avconf:AVC1|mI2C_CTRL_CLK'
Slack : 0.037
TNS   : 0.000

Type  : Fast 1100mV 85C Model Minimum Pulse Width 'BPM_counter:B1|Step'
Slack : 0.128
TNS   : 0.000

Type  : Fast 1100mV 85C Model Minimum Pulse Width 'AC1|Audio_Clock|altpll_component|auto_generated|generic_pll1~FRACTIONAL_PLL|vcoph[0]'
Slack : 1.666
TNS   : 0.000

Type  : Fast 1100mV 85C Model Minimum Pulse Width 'CLOCK_50'
Slack : 8.787
TNS   : 0.000

Type  : Fast 1100mV 0C Model Setup 'CLOCK_50'
Slack : -3.912
TNS   : -38.203

Type  : Fast 1100mV 0C Model Setup 'avconf:AVC1|mI2C_CTRL_CLK'
Slack : -0.927
TNS   : -48.567

Type  : Fast 1100mV 0C Model Setup 'BPM_counter:B1|Step'
Slack : -0.639
TNS   : -11.062

Type  : Fast 1100mV 0C Model Hold 'CLOCK_50'
Slack : -0.085
TNS   : -0.448

Type  : Fast 1100mV 0C Model Hold 'BPM_counter:B1|Step'
Slack : 0.082
TNS   : 0.000

Type  : Fast 1100mV 0C Model Hold 'avconf:AVC1|mI2C_CTRL_CLK'
Slack : 0.139
TNS   : 0.000

Type  : Fast 1100mV 0C Model Minimum Pulse Width 'avconf:AVC1|mI2C_CTRL_CLK'
Slack : 0.069
TNS   : 0.000

Type  : Fast 1100mV 0C Model Minimum Pulse Width 'BPM_counter:B1|Step'
Slack : 0.127
TNS   : 0.000

Type  : Fast 1100mV 0C Model Minimum Pulse Width 'AC1|Audio_Clock|altpll_component|auto_generated|generic_pll1~FRACTIONAL_PLL|vcoph[0]'
Slack : 1.666
TNS   : 0.000

Type  : Fast 1100mV 0C Model Minimum Pulse Width 'CLOCK_50'
Slack : 8.781
TNS   : 0.000

------------------------------------------------------------
