------------------------------------------------------------
Timing Analyzer Summary
------------------------------------------------------------

Type  : Slow 1100mV 85C Model Setup 'Clock'
Slack : -49.092
TNS   : -2177.403

Type  : Slow 1100mV 85C Model Hold 'Clock'
Slack : 0.237
TNS   : 0.000

Type  : Slow 1100mV 85C Model Minimum Pulse Width 'Clock'
Slack : -2.174
TNS   : -590.729

Type  : Slow 1100mV 0C Model Setup 'Clock'
Slack : -51.758
TNS   : -2199.542

Type  : Slow 1100mV 0C Model Hold 'Clock'
Slack : 0.225
TNS   : 0.000

Type  : Slow 1100mV 0C Model Minimum Pulse Width 'Clock'
Slack : -2.174
TNS   : -613.703

Type  : Fast 1100mV 85C Model Setup 'Clock'
Slack : -23.765
TNS   : -1128.599

Type  : Fast 1100mV 85C Model Hold 'Clock'
Slack : 0.134
TNS   : 0.000

Type  : Fast 1100mV 85C Model Minimum Pulse Width 'Clock'
Slack : -2.174
TNS   : -404.942

Type  : Fast 1100mV 0C Model Setup 'Clock'
Slack : -22.664
TNS   : -1004.687

Type  : Fast 1100mV 0C Model Hold 'Clock'
Slack : 0.123
TNS   : 0.000

Type  : Fast 1100mV 0C Model Minimum Pulse Width 'Clock'
Slack : -2.174
TNS   : -404.737

------------------------------------------------------------
