------------------------------------------------------------
Timing Analyzer Summary
------------------------------------------------------------

Type  : Slow 1100mV 85C Model Setup 'CLOCK_50'
Slack : -42.472
TNS   : -814.374

Type  : Slow 1100mV 85C Model Setup 'BPM_counter:B1|Step'
Slack : -4.553
TNS   : -62.977

Type  : Slow 1100mV 85C Model Setup 'avconf:AVC1|mI2C_CTRL_CLK'
Slack : -3.159
TNS   : -172.713

Type  : Slow 1100mV 85C Model Hold 'avconf:AVC1|mI2C_CTRL_CLK'
Slack : 0.254
TNS   : 0.000

Type  : Slow 1100mV 85C Model Hold 'BPM_counter:B1|Step'
Slack : 0.280
TNS   : 0.000

Type  : Slow 1100mV 85C Model Hold 'CLOCK_50'
Slack : 0.321
TNS   : 0.000

Type  : Slow 1100mV 85C Model Recovery 'avconf:AVC1|mI2C_CTRL_CLK'
Slack : -5.148
TNS   : -135.733

Type  : Slow 1100mV 85C Model Recovery 'BPM_counter:B1|Step'
Slack : -3.245
TNS   : -38.565

Type  : Slow 1100mV 85C Model Recovery 'CLOCK_50'
Slack : -3.029
TNS   : -52.687

Type  : Slow 1100mV 85C Model Removal 'CLOCK_50'
Slack : 1.016
TNS   : 0.000

Type  : Slow 1100mV 85C Model Removal 'avconf:AVC1|mI2C_CTRL_CLK'
Slack : 1.499
TNS   : 0.000

Type  : Slow 1100mV 85C Model Removal 'BPM_counter:B1|Step'
Slack : 1.536
TNS   : 0.000

Type  : Slow 1100mV 85C Model Minimum Pulse Width 'avconf:AVC1|mI2C_CTRL_CLK'
Slack : -0.394
TNS   : -38.126

Type  : Slow 1100mV 85C Model Minimum Pulse Width 'BPM_counter:B1|Step'
Slack : -0.394
TNS   : -8.627

Type  : Slow 1100mV 85C Model Minimum Pulse Width 'KEY[0]'
Slack : 0.053
TNS   : 0.000

Type  : Slow 1100mV 85C Model Minimum Pulse Width 'AC1|Audio_Clock|altpll_component|auto_generated|generic_pll1~FRACTIONAL_PLL|vcoph[0]'
Slack : 1.666
TNS   : 0.000

Type  : Slow 1100mV 85C Model Minimum Pulse Width 'CLOCK_50'
Slack : 8.863
TNS   : 0.000

Type  : Slow 1100mV 0C Model Setup 'CLOCK_50'
Slack : -45.719
TNS   : -828.150

Type  : Slow 1100mV 0C Model Setup 'BPM_counter:B1|Step'
Slack : -4.514
TNS   : -62.139

Type  : Slow 1100mV 0C Model Setup 'avconf:AVC1|mI2C_CTRL_CLK'
Slack : -3.049
TNS   : -170.055

Type  : Slow 1100mV 0C Model Hold 'CLOCK_50'
Slack : 0.235
TNS   : 0.000

Type  : Slow 1100mV 0C Model Hold 'avconf:AVC1|mI2C_CTRL_CLK'
Slack : 0.241
TNS   : 0.000

Type  : Slow 1100mV 0C Model Hold 'BPM_counter:B1|Step'
Slack : 0.281
TNS   : 0.000

Type  : Slow 1100mV 0C Model Recovery 'avconf:AVC1|mI2C_CTRL_CLK'
Slack : -5.035
TNS   : -133.561

Type  : Slow 1100mV 0C Model Recovery 'BPM_counter:B1|Step'
Slack : -3.282
TNS   : -37.982

Type  : Slow 1100mV 0C Model Recovery 'CLOCK_50'
Slack : -2.961
TNS   : -47.689

Type  : Slow 1100mV 0C Model Removal 'CLOCK_50'
Slack : 0.746
TNS   : 0.000

Type  : Slow 1100mV 0C Model Removal 'avconf:AVC1|mI2C_CTRL_CLK'
Slack : 1.532
TNS   : 0.000

Type  : Slow 1100mV 0C Model Removal 'BPM_counter:B1|Step'
Slack : 1.596
TNS   : 0.000

Type  : Slow 1100mV 0C Model Minimum Pulse Width 'avconf:AVC1|mI2C_CTRL_CLK'
Slack : -0.394
TNS   : -37.400

Type  : Slow 1100mV 0C Model Minimum Pulse Width 'BPM_counter:B1|Step'
Slack : -0.394
TNS   : -8.709

Type  : Slow 1100mV 0C Model Minimum Pulse Width 'KEY[0]'
Slack : 0.094
TNS   : 0.000

Type  : Slow 1100mV 0C Model Minimum Pulse Width 'AC1|Audio_Clock|altpll_component|auto_generated|generic_pll1~FRACTIONAL_PLL|vcoph[0]'
Slack : 1.666
TNS   : 0.000

Type  : Slow 1100mV 0C Model Minimum Pulse Width 'CLOCK_50'
Slack : 8.822
TNS   : 0.000

Type  : Fast 1100mV 85C Model Setup 'CLOCK_50'
Slack : -11.379
TNS   : -330.382

Type  : Fast 1100mV 85C Model Setup 'BPM_counter:B1|Step'
Slack : -2.816
TNS   : -37.664

Type  : Fast 1100mV 85C Model Setup 'avconf:AVC1|mI2C_CTRL_CLK'
Slack : -2.011
TNS   : -95.040

Type  : Fast 1100mV 85C Model Hold 'avconf:AVC1|mI2C_CTRL_CLK'
Slack : 0.084
TNS   : 0.000

Type  : Fast 1100mV 85C Model Hold 'BPM_counter:B1|Step'
Slack : 0.095
TNS   : 0.000

Type  : Fast 1100mV 85C Model Hold 'CLOCK_50'
Slack : 0.182
TNS   : 0.000

Type  : Fast 1100mV 85C Model Recovery 'avconf:AVC1|mI2C_CTRL_CLK'
Slack : -3.399
TNS   : -89.653

Type  : Fast 1100mV 85C Model Recovery 'CLOCK_50'
Slack : -2.198
TNS   : -39.049

Type  : Fast 1100mV 85C Model Recovery 'BPM_counter:B1|Step'
Slack : -1.978
TNS   : -24.008

Type  : Fast 1100mV 85C Model Removal 'CLOCK_50'
Slack : 0.538
TNS   : 0.000

Type  : Fast 1100mV 85C Model Removal 'avconf:AVC1|mI2C_CTRL_CLK'
Slack : 0.671
TNS   : 0.000

Type  : Fast 1100mV 85C Model Removal 'BPM_counter:B1|Step'
Slack : 0.702
TNS   : 0.000

Type  : Fast 1100mV 85C Model Minimum Pulse Width 'KEY[0]'
Slack : -0.101
TNS   : -0.568

Type  : Fast 1100mV 85C Model Minimum Pulse Width 'BPM_counter:B1|Step'
Slack : -0.005
TNS   : -0.049

Type  : Fast 1100mV 85C Model Minimum Pulse Width 'avconf:AVC1|mI2C_CTRL_CLK'
Slack : 0.049
TNS   : 0.000

Type  : Fast 1100mV 85C Model Minimum Pulse Width 'AC1|Audio_Clock|altpll_component|auto_generated|generic_pll1~FRACTIONAL_PLL|vcoph[0]'
Slack : 1.666
TNS   : 0.000

Type  : Fast 1100mV 85C Model Minimum Pulse Width 'CLOCK_50'
Slack : 8.788
TNS   : 0.000

Type  : Fast 1100mV 0C Model Setup 'CLOCK_50'
Slack : -10.076
TNS   : -284.238

Type  : Fast 1100mV 0C Model Setup 'BPM_counter:B1|Step'
Slack : -2.693
TNS   : -36.137

Type  : Fast 1100mV 0C Model Setup 'avconf:AVC1|mI2C_CTRL_CLK'
Slack : -1.937
TNS   : -89.910

Type  : Fast 1100mV 0C Model Hold 'CLOCK_50'
Slack : -0.019
TNS   : -0.070

Type  : Fast 1100mV 0C Model Hold 'avconf:AVC1|mI2C_CTRL_CLK'
Slack : 0.064
TNS   : 0.000

Type  : Fast 1100mV 0C Model Hold 'BPM_counter:B1|Step'
Slack : 0.082
TNS   : 0.000

Type  : Fast 1100mV 0C Model Recovery 'avconf:AVC1|mI2C_CTRL_CLK'
Slack : -3.180
TNS   : -85.393

Type  : Fast 1100mV 0C Model Recovery 'CLOCK_50'
Slack : -2.005
TNS   : -33.620

Type  : Fast 1100mV 0C Model Recovery 'BPM_counter:B1|Step'
Slack : -1.963
TNS   : -23.811

Type  : Fast 1100mV 0C Model Removal 'CLOCK_50'
Slack : 0.338
TNS   : 0.000

Type  : Fast 1100mV 0C Model Removal 'avconf:AVC1|mI2C_CTRL_CLK'
Slack : 0.685
TNS   : 0.000

Type  : Fast 1100mV 0C Model Removal 'BPM_counter:B1|Step'
Slack : 0.724
TNS   : 0.000

Type  : Fast 1100mV 0C Model Minimum Pulse Width 'KEY[0]'
Slack : -0.085
TNS   : -0.498

Type  : Fast 1100mV 0C Model Minimum Pulse Width 'BPM_counter:B1|Step'
Slack : 0.024
TNS   : 0.000

Type  : Fast 1100mV 0C Model Minimum Pulse Width 'avconf:AVC1|mI2C_CTRL_CLK'
Slack : 0.083
TNS   : 0.000

Type  : Fast 1100mV 0C Model Minimum Pulse Width 'AC1|Audio_Clock|altpll_component|auto_generated|generic_pll1~FRACTIONAL_PLL|vcoph[0]'
Slack : 1.666
TNS   : 0.000

Type  : Fast 1100mV 0C Model Minimum Pulse Width 'CLOCK_50'
Slack : 8.781
TNS   : 0.000

------------------------------------------------------------
