------------------------------------------------------------
Timing Analyzer Summary
------------------------------------------------------------

Type  : Slow 1100mV 85C Model Setup 'BPM_counter:B1|Step'
Slack : -4.891
TNS   : -66.708

Type  : Slow 1100mV 85C Model Setup 'CLOCK_50'
Slack : -4.130
TNS   : -396.816

Type  : Slow 1100mV 85C Model Setup 'avconf:AVC1|mI2C_CTRL_CLK'
Slack : -3.297
TNS   : -176.231

Type  : Slow 1100mV 85C Model Setup 'DAC_controller:DC1|i2cState.I2CREAD_ACK'
Slack : -1.323
TNS   : -4.082

Type  : Slow 1100mV 85C Model Hold 'CLOCK_50'
Slack : -0.057
TNS   : -0.057

Type  : Slow 1100mV 85C Model Hold 'BPM_counter:B1|Step'
Slack : 0.279
TNS   : 0.000

Type  : Slow 1100mV 85C Model Hold 'avconf:AVC1|mI2C_CTRL_CLK'
Slack : 0.346
TNS   : 0.000

Type  : Slow 1100mV 85C Model Hold 'DAC_controller:DC1|i2cState.I2CREAD_ACK'
Slack : 0.864
TNS   : 0.000

Type  : Slow 1100mV 85C Model Recovery 'avconf:AVC1|mI2C_CTRL_CLK'
Slack : -5.288
TNS   : -112.862

Type  : Slow 1100mV 85C Model Recovery 'BPM_counter:B1|Step'
Slack : -3.372
TNS   : -38.187

Type  : Slow 1100mV 85C Model Recovery 'CLOCK_50'
Slack : -3.142
TNS   : -128.218

Type  : Slow 1100mV 85C Model Recovery 'DAC_controller:DC1|i2cState.I2CREAD_ACK'
Slack : -3.047
TNS   : -12.175

Type  : Slow 1100mV 85C Model Removal 'CLOCK_50'
Slack : 0.780
TNS   : 0.000

Type  : Slow 1100mV 85C Model Removal 'avconf:AVC1|mI2C_CTRL_CLK'
Slack : 1.376
TNS   : 0.000

Type  : Slow 1100mV 85C Model Removal 'BPM_counter:B1|Step'
Slack : 1.612
TNS   : 0.000

Type  : Slow 1100mV 85C Model Removal 'DAC_controller:DC1|i2cState.I2CREAD_ACK'
Slack : 2.516
TNS   : 0.000

Type  : Slow 1100mV 85C Model Minimum Pulse Width 'avconf:AVC1|mI2C_CTRL_CLK'
Slack : -0.394
TNS   : -37.660

Type  : Slow 1100mV 85C Model Minimum Pulse Width 'BPM_counter:B1|Step'
Slack : -0.394
TNS   : -7.188

Type  : Slow 1100mV 85C Model Minimum Pulse Width 'DAC_controller:DC1|i2cState.I2CREAD_ACK'
Slack : -0.394
TNS   : -2.128

Type  : Slow 1100mV 85C Model Minimum Pulse Width 'KEY[0]'
Slack : 0.079
TNS   : 0.000

Type  : Slow 1100mV 85C Model Minimum Pulse Width 'AC1|Audio_Clock|altpll_component|auto_generated|generic_pll1~FRACTIONAL_PLL|vcoph[0]'
Slack : 1.666
TNS   : 0.000

Type  : Slow 1100mV 85C Model Minimum Pulse Width 'CLOCK_50'
Slack : 8.870
TNS   : 0.000

Type  : Slow 1100mV 0C Model Setup 'BPM_counter:B1|Step'
Slack : -4.798
TNS   : -65.066

Type  : Slow 1100mV 0C Model Setup 'CLOCK_50'
Slack : -3.943
TNS   : -360.377

Type  : Slow 1100mV 0C Model Setup 'avconf:AVC1|mI2C_CTRL_CLK'
Slack : -3.211
TNS   : -172.145

Type  : Slow 1100mV 0C Model Setup 'DAC_controller:DC1|i2cState.I2CREAD_ACK'
Slack : -1.353
TNS   : -4.059

Type  : Slow 1100mV 0C Model Hold 'CLOCK_50'
Slack : -0.368
TNS   : -0.510

Type  : Slow 1100mV 0C Model Hold 'BPM_counter:B1|Step'
Slack : 0.280
TNS   : 0.000

Type  : Slow 1100mV 0C Model Hold 'avconf:AVC1|mI2C_CTRL_CLK'
Slack : 0.303
TNS   : 0.000

Type  : Slow 1100mV 0C Model Hold 'DAC_controller:DC1|i2cState.I2CREAD_ACK'
Slack : 0.832
TNS   : 0.000

Type  : Slow 1100mV 0C Model Recovery 'avconf:AVC1|mI2C_CTRL_CLK'
Slack : -5.178
TNS   : -111.498

Type  : Slow 1100mV 0C Model Recovery 'BPM_counter:B1|Step'
Slack : -3.308
TNS   : -37.676

Type  : Slow 1100mV 0C Model Recovery 'DAC_controller:DC1|i2cState.I2CREAD_ACK'
Slack : -3.145
TNS   : -12.567

Type  : Slow 1100mV 0C Model Recovery 'CLOCK_50'
Slack : -3.054
TNS   : -115.061

Type  : Slow 1100mV 0C Model Removal 'CLOCK_50'
Slack : 0.511
TNS   : 0.000

Type  : Slow 1100mV 0C Model Removal 'avconf:AVC1|mI2C_CTRL_CLK'
Slack : 1.400
TNS   : 0.000

Type  : Slow 1100mV 0C Model Removal 'BPM_counter:B1|Step'
Slack : 1.612
TNS   : 0.000

Type  : Slow 1100mV 0C Model Removal 'DAC_controller:DC1|i2cState.I2CREAD_ACK'
Slack : 2.631
TNS   : 0.000

Type  : Slow 1100mV 0C Model Minimum Pulse Width 'avconf:AVC1|mI2C_CTRL_CLK'
Slack : -0.394
TNS   : -36.955

Type  : Slow 1100mV 0C Model Minimum Pulse Width 'BPM_counter:B1|Step'
Slack : -0.394
TNS   : -7.192

Type  : Slow 1100mV 0C Model Minimum Pulse Width 'DAC_controller:DC1|i2cState.I2CREAD_ACK'
Slack : -0.394
TNS   : -2.160

Type  : Slow 1100mV 0C Model Minimum Pulse Width 'KEY[0]'
Slack : 0.124
TNS   : 0.000

Type  : Slow 1100mV 0C Model Minimum Pulse Width 'AC1|Audio_Clock|altpll_component|auto_generated|generic_pll1~FRACTIONAL_PLL|vcoph[0]'
Slack : 1.666
TNS   : 0.000

Type  : Slow 1100mV 0C Model Minimum Pulse Width 'CLOCK_50'
Slack : 8.826
TNS   : 0.000

Type  : Fast 1100mV 85C Model Setup 'CLOCK_50'
Slack : -3.311
TNS   : -295.924

Type  : Fast 1100mV 85C Model Setup 'BPM_counter:B1|Step'
Slack : -2.995
TNS   : -39.747

Type  : Fast 1100mV 85C Model Setup 'avconf:AVC1|mI2C_CTRL_CLK'
Slack : -2.128
TNS   : -100.422

Type  : Fast 1100mV 85C Model Setup 'DAC_controller:DC1|i2cState.I2CREAD_ACK'
Slack : -0.424
TNS   : -1.137

Type  : Fast 1100mV 85C Model Hold 'BPM_counter:B1|Step'
Slack : 0.095
TNS   : 0.000

Type  : Fast 1100mV 85C Model Hold 'avconf:AVC1|mI2C_CTRL_CLK'
Slack : 0.136
TNS   : 0.000

Type  : Fast 1100mV 85C Model Hold 'CLOCK_50'
Slack : 0.146
TNS   : 0.000

Type  : Fast 1100mV 85C Model Hold 'DAC_controller:DC1|i2cState.I2CREAD_ACK'
Slack : 0.443
TNS   : 0.000

Type  : Fast 1100mV 85C Model Recovery 'avconf:AVC1|mI2C_CTRL_CLK'
Slack : -3.485
TNS   : -74.464

Type  : Fast 1100mV 85C Model Recovery 'CLOCK_50'
Slack : -2.279
TNS   : -98.036

Type  : Fast 1100mV 85C Model Recovery 'BPM_counter:B1|Step'
Slack : -2.195
TNS   : -24.421

Type  : Fast 1100mV 85C Model Recovery 'DAC_controller:DC1|i2cState.I2CREAD_ACK'
Slack : -1.376
TNS   : -5.500

Type  : Fast 1100mV 85C Model Removal 'CLOCK_50'
Slack : 0.387
TNS   : 0.000

Type  : Fast 1100mV 85C Model Removal 'avconf:AVC1|mI2C_CTRL_CLK'
Slack : 0.615
TNS   : 0.000

Type  : Fast 1100mV 85C Model Removal 'BPM_counter:B1|Step'
Slack : 0.754
TNS   : 0.000

Type  : Fast 1100mV 85C Model Removal 'DAC_controller:DC1|i2cState.I2CREAD_ACK'
Slack : 1.270
TNS   : 0.000

Type  : Fast 1100mV 85C Model Minimum Pulse Width 'KEY[0]'
Slack : -0.089
TNS   : -0.524

Type  : Fast 1100mV 85C Model Minimum Pulse Width 'avconf:AVC1|mI2C_CTRL_CLK'
Slack : 0.020
TNS   : 0.000

Type  : Fast 1100mV 85C Model Minimum Pulse Width 'BPM_counter:B1|Step'
Slack : 0.094
TNS   : 0.000

Type  : Fast 1100mV 85C Model Minimum Pulse Width 'DAC_controller:DC1|i2cState.I2CREAD_ACK'
Slack : 0.136
TNS   : 0.000

Type  : Fast 1100mV 85C Model Minimum Pulse Width 'AC1|Audio_Clock|altpll_component|auto_generated|generic_pll1~FRACTIONAL_PLL|vcoph[0]'
Slack : 1.666
TNS   : 0.000

Type  : Fast 1100mV 85C Model Minimum Pulse Width 'CLOCK_50'
Slack : 8.788
TNS   : 0.000

Type  : Fast 1100mV 0C Model Setup 'BPM_counter:B1|Step'
Slack : -2.862
TNS   : -38.119

Type  : Fast 1100mV 0C Model Setup 'CLOCK_50'
Slack : -2.777
TNS   : -258.225

Type  : Fast 1100mV 0C Model Setup 'avconf:AVC1|mI2C_CTRL_CLK'
Slack : -2.052
TNS   : -94.100

Type  : Fast 1100mV 0C Model Setup 'DAC_controller:DC1|i2cState.I2CREAD_ACK'
Slack : -0.357
TNS   : -0.889

Type  : Fast 1100mV 0C Model Hold 'CLOCK_50'
Slack : -0.034
TNS   : -0.034

Type  : Fast 1100mV 0C Model Hold 'BPM_counter:B1|Step'
Slack : 0.081
TNS   : 0.000

Type  : Fast 1100mV 0C Model Hold 'avconf:AVC1|mI2C_CTRL_CLK'
Slack : 0.121
TNS   : 0.000

Type  : Fast 1100mV 0C Model Hold 'DAC_controller:DC1|i2cState.I2CREAD_ACK'
Slack : 0.391
TNS   : 0.000

Type  : Fast 1100mV 0C Model Recovery 'avconf:AVC1|mI2C_CTRL_CLK'
Slack : -3.254
TNS   : -71.634

Type  : Fast 1100mV 0C Model Recovery 'BPM_counter:B1|Step'
Slack : -2.126
TNS   : -24.198

Type  : Fast 1100mV 0C Model Recovery 'CLOCK_50'
Slack : -2.070
TNS   : -86.058

Type  : Fast 1100mV 0C Model Recovery 'DAC_controller:DC1|i2cState.I2CREAD_ACK'
Slack : -1.358
TNS   : -5.428

Type  : Fast 1100mV 0C Model Removal 'CLOCK_50'
Slack : 0.202
TNS   : 0.000

Type  : Fast 1100mV 0C Model Removal 'avconf:AVC1|mI2C_CTRL_CLK'
Slack : 0.633
TNS   : 0.000

Type  : Fast 1100mV 0C Model Removal 'BPM_counter:B1|Step'
Slack : 0.752
TNS   : 0.000

Type  : Fast 1100mV 0C Model Removal 'DAC_controller:DC1|i2cState.I2CREAD_ACK'
Slack : 1.267
TNS   : 0.000

Type  : Fast 1100mV 0C Model Minimum Pulse Width 'KEY[0]'
Slack : -0.073
TNS   : -0.454

Type  : Fast 1100mV 0C Model Minimum Pulse Width 'avconf:AVC1|mI2C_CTRL_CLK'
Slack : 0.045
TNS   : 0.000

Type  : Fast 1100mV 0C Model Minimum Pulse Width 'BPM_counter:B1|Step'
Slack : 0.117
TNS   : 0.000

Type  : Fast 1100mV 0C Model Minimum Pulse Width 'DAC_controller:DC1|i2cState.I2CREAD_ACK'
Slack : 0.145
TNS   : 0.000

Type  : Fast 1100mV 0C Model Minimum Pulse Width 'AC1|Audio_Clock|altpll_component|auto_generated|generic_pll1~FRACTIONAL_PLL|vcoph[0]'
Slack : 1.666
TNS   : 0.000

Type  : Fast 1100mV 0C Model Minimum Pulse Width 'CLOCK_50'
Slack : 8.782
TNS   : 0.000

------------------------------------------------------------
